[Licensing::Module] Trying to connect to existing licensing client channel...
Built from '6000.3/staging' branch; Version is '6000.3.16f1 (a56f230f6470) revision 10841891'; Using compiler version '194234433'; Build Type 'Release'
[Licensing::IpcConnector] Successfully connected to: "LicenseClient-Administrator" at "2026-06-09T05:05:46.6978569Z"
OS: 'Windows 10  (10.0.19045) 64bit Professional' Language: 'ko' Physical Memory: 16246 MB
BatchMode: 1, IsHumanControllingUs: 0, StartBugReporterOnCrash: 0, Is64bit: 1
System  architecture: x64
Process architecture: x64
Date: 2026-06-09T05:05:46Z

COMMAND LINE ARGUMENTS:
C:\Program Files\Unity\Hub\Editor\6000.3.16f1\Editor\Unity.exe
-projectPath
d:\Users\source\repos\GOS-Lifeis
-batchmode
-quit
-executeMethod
_Project.Scripts.VisualScripting.Editor.TestSceneGenerator.GenerateTestScene
-logFile
d:\Users\source\repos\GOS-Lifeis\unity_build.log
Successfully changed project path to: d:\Users\source\repos\GOS-Lifeis
D:/Users/source/repos/GOS-Lifeis
[UnityMemory] Configuration Parameters - Can be set up in boot.config
    "memorysetup-temp-allocator-size-nav-mesh-worker=65536"
    "memorysetup-temp-allocator-size-audio-worker=65536"
    "memorysetup-temp-allocator-size-gfx=262144"
    "memorysetup-allocator-temp-initial-block-size-main=262144"
    "memorysetup-allocator-temp-initial-block-size-worker=262144"
    "memorysetup-temp-allocator-size-background-worker=32768"
    "memorysetup-temp-allocator-size-job-worker=262144"
    "memorysetup-temp-allocator-size-preload-manager=33554432"
    "memorysetup-temp-allocator-size-gi-baking-worker=262144"
    "memorysetup-temp-allocator-size-gi-baking-worker=262144"
    "memorysetup-temp-allocator-size-gi-baking-worker=262144"
    "memorysetup-temp-allocator-size-gi-baking-worker=262144"
    "memorysetup-temp-allocator-size-gi-baking-worker=262144"
    "memorysetup-bucket-allocator-granularity=16"
    "memorysetup-bucket-allocator-bucket-count=8"
    "memorysetup-bucket-allocator-block-size=33554432"
    "memorysetup-bucket-allocator-block-count=8"
    "memorysetup-main-allocator-block-size=16777216"
    "memorysetup-thread-allocator-block-size=16777216"
    "memorysetup-gfx-main-allocator-block-size=16777216"
    "memorysetup-gfx-thread-allocator-block-size=16777216"
    "memorysetup-cache-allocator-block-size=4194304"
    "memorysetup-typetree-allocator-block-size=2097152"
    "memorysetup-profiler-bucket-allocator-granularity=16"
    "memorysetup-profiler-bucket-allocator-bucket-count=8"
    "memorysetup-profiler-bucket-allocator-block-size=33554432"
    "memorysetup-profiler-bucket-allocator-block-count=8"
    "memorysetup-profiler-allocator-block-size=16777216"
    "memorysetup-profiler-editor-allocator-block-size=1048576"
    "memorysetup-temp-allocator-size-main=16777216"
    "memorysetup-job-temp-allocator-block-size=2097152"
    "memorysetup-job-temp-allocator-block-size-background=1048576"
    "memorysetup-job-temp-allocator-reduction-small-platforms=262144"
    "memorysetup-temp-allocator-size-cloud-worker=32768"
Player connection [16488]  Target information:

Player connection [16488]  * "[IP] 192.168.1.118 [Port] 55504 [Flags] 2 [Guid] 1223398828 [EditorId] 1223398828 [Version] 1048832 [Id] WindowsEditor(7,DESKTOP-4UNEB7C) [Debug] 1 [PackageName] WindowsEditor [ProjectName] Editor" 

Player connection [16488] Host joined multi-casting on [225.0.0.222:54997]...
Player connection [16488] Host joined alternative multi-casting on [225.0.0.222:34997]...
Input System module state changed to: Initialized.
[Physics::Module] Initialized fallback backend.
[Physics::Module] Id: 0xdecafbad
[Package Manager] Connected to IPC stream "Upm-29168" after 1.3 seconds.
[Licensing::Module] Licensing is not yet initialized.
[Licensing::Client] Error: HandshakeResponse reported an error:
	ResponseCode: 505
	ResponseStatus: Unsupported protocol version '1.18.1'.
[Licensing::Module] Error: Failed to handshake to channel: "LicenseClient-Administrator"
[Licensing::IpcConnector] LicenseClient-Administrator channel disconnected successfully.
[Licensing::IpcConnector] Channel LicenseClient-Administrator-6000.3.16 doesn't exist
[Licensing::Module] Successfully launched the LicensingClient (PId: 26680)
Starting IPC server.
Waiting for clients to connect on \\.\pipe\Unity-LicenseClient-Administrator-6000.3.16, press Ctrl-C to exit.
[Licensing::IpcConnector] Successfully connected to: "LicenseClient-Administrator-6000.3.16" at "2026-06-09T05:05:53.585826Z"
[Licensing::Client] Code 10 while verifying Licensing Client signature (process Id: 26680, path: "C:/Program Files/Unity/Hub/Editor/6000.3.16f1/Editor/Data/Resources/Licensing/Client/Unity.Licensing.Client.exe")
[Licensing::Module] LicensingClient has failed validation; ignoring
[Licensing::Client] Handshaking with LicensingClient:
  Version:                 1.18.1+9fbee8e
  Session Id:              e041d185a37e431fb7965d17d787c2b3
  Correlation Id:          7fb668cb8bee680e1c7f72acd9dacd36
  External correlation Id: 3359266182240226719
  Machine Id:              g3ABcLzWAYDPctxndWAVFWM/fSs=
[Licensing::Module] Successfully connected to LicensingClient on channel: "LicenseClient-Administrator-6000.3.16" (connect: 4.37s, validation: 0.78s, handshake: 0.03s)
[Licensing::IpcConnector] Successfully connected to: "LicenseClient-Administrator-6000.3.16-notifications" at "2026-06-09T05:05:54.395618Z"
[Licensing::Module] Connected to LicensingClient (PId: 26680, launch time: 0.01, total connection time: 5.18s)
[Licensing::Module] Error: Access token is unavailable; failed to update
[Licensing::Client] Successfully resolved entitlement details
[Licensing::Module] License group:
  Id: 14569450639907-UnityPersXXXX
  Product: Unity Personal
  Type: Assigned
  Expiration: Unlimited
[Licensing::Client] Successfully updated license, isAsync: True, time: 0.03
[Licensing::Client] Successfully resolved entitlement details
[Licensing::Module] Licensing Background thread has ended after 7.82s
[Licensing::Module] Licensing is initialized (took 6.36s).
[Licensing::Client] Successfully resolved entitlement details
Library Redirect Path: Library/
[Physics::Module] Selected backend.
[Physics::Module] Name: PhysX
[Physics::Module] Id: 0xf2b8ea05
[Physics::Module] SDK Version: 4.1.2
[Physics::Module] Integration Version: 1.0.0
[Physics::Module] Threading Mode: Multi-Threaded
Artifact Garbage Collection - Removed 3 unused hashed content files
Refreshing native plugins compatible for Editor in 4.40 ms, found 0 plugins.
Preloading 0 native plugins for Editor in 0.00 ms.
Initialize engine version: 6000.3.16f1 (a56f230f6470)
[Subsystems] Discovering subsystems at path C:/Program Files/Unity/Hub/Editor/6000.3.16f1/Editor/Data/Resources/UnitySubsystems
[Subsystems] Discovering subsystems at path D:/Users/source/repos/GOS-Lifeis/Assets
GfxDevice: creating device client; kGfxThreadingModeNonThreaded
Direct3D:
    Version:  Direct3D 11.0 [level 11.1]
    Renderer: NVIDIA GeForce GTX 1660 (ID=0x2184)
    Vendor:   NVIDIA
    VRAM:     5966 MB
    Driver:   31.0.15.5222
Initialize mono
Mono path[0] = 'C:/Program Files/Unity/Hub/Editor/6000.3.16f1/Editor/Data/Managed'
Mono path[1] = 'C:/Program Files/Unity/Hub/Editor/6000.3.16f1/Editor/Data/MonoBleedingEdge/lib/mono/unityjit-win32'
Mono config path = 'C:/Program Files/Unity/Hub/Editor/6000.3.16f1/Editor/Data/MonoBleedingEdge/etc'
Using monoOptions --debugger-agent=transport=dt_socket,embedding=1,server=y,suspend=n,address=127.0.0.1:56168
Using cacheserver namespaces - metadata:defaultmetadata, artifacts:defaultartifacts
Using cacheserver namespaces - metadata:defaultmetadata, artifacts:defaultartifacts
ImportWorker Server TCP listen port: 0
AcceleratorClientConnectionCallback - disconnected - :0
Begin MonoManager ReloadAssembly
Registering precompiled unity dll's ...
Register platform support module: C:/Program Files/Unity/Hub/Editor/6000.3.16f1/Editor/Data/PlaybackEngines/WindowsStandaloneSupport/UnityEditor.WindowsStandalone.Extensions.dll
Registered in 0.006634 seconds.
- Loaded All Assemblies, in  5.019 seconds
Native extension for WindowsStandalone target not found
Package Manager log level set to [2]
ScheduleIndexationOnStartup MainProcess:False IndexOnStartup:True
Mono: successfully reloaded assembly
- Finished resetting the current domain, in  0.683 seconds
Domain Reload Profiling: 5703ms
	BeginReloadAssembly (2412ms)
		ExecutionOrderSort (0ms)
		DisableScriptedObjects (0ms)
		BackupInstance (0ms)
		ReleaseScriptingObjects (0ms)
		CreateAndSetChildDomain (23ms)
	RebuildCommonClasses (807ms)
	RebuildNativeTypeToScriptingClass (16ms)
	initialDomainReloadingComplete (99ms)
	LoadAllAssembliesAndSetupDomain (1682ms)
		LoadAssemblies (2380ms)
		RebuildTransferFunctionScriptingTraits (0ms)
		AnalyzeDomain (1676ms)
			TypeCache.Refresh (1669ms)
				TypeCache.ScanAssembly (1200ms)
			BuildScriptInfoCaches (1ms)
			ResolveRequiredComponents (4ms)
	FinalizeReload (688ms)
		ReleaseScriptCaches (0ms)
		RebuildScriptCaches (0ms)
		SetupLoadedEditorAssemblies (621ms)
			LogAssemblyErrors (0ms)
			InitializePlatformSupportModulesInManaged (65ms)
			SetLoadedEditorAssemblies (6ms)
			BeforeProcessingInitializeOnLoad (115ms)
			ProcessInitializeOnLoadAttributes (205ms)
			ProcessInitializeOnLoadMethodAttributes (225ms)
			AfterProcessingInitializeOnLoad (0ms)
			EditorAssembliesLoaded (3ms)
		ExecutionOrderSort2 (0ms)
		AwakeInstancesAfterBackupRestoration (0ms)
[Licensing::Client] Successfully resolved entitlement details
Application.AssetDatabase Initial Refresh Start
[Package Manager] Restoring resolved packages state from cache
[Licensing::Client] Successfully resolved entitlement details
[Package Manager] Registered 53 packages:
  Packages from [https://packages.unity.com]:
    com.unity.cinemachine@3.1.6 (location: D:\Users\source\repos\GOS-Lifeis\Library\PackageCache\com.unity.cinemachine@285f38545487)
    com.unity.collab-proxy@2.12.4 (location: D:\Users\source\repos\GOS-Lifeis\Library\PackageCache\com.unity.collab-proxy@0b1559bcd34e)
    com.unity.timeline@1.8.12 (location: D:\Users\source\repos\GOS-Lifeis\Library\PackageCache\com.unity.timeline@8cd8509afae5)
    com.unity.visualscripting@1.9.11 (location: D:\Users\source\repos\GOS-Lifeis\Library\PackageCache\com.unity.visualscripting@8bed5ad90189)
    com.unity.ide.visualstudio@2.0.26 (location: D:\Users\source\repos\GOS-Lifeis\Library\PackageCache\com.unity.ide.visualstudio@a99d56dec63f)
    com.unity.ide.rider@3.0.40 (location: D:\Users\source\repos\GOS-Lifeis\Library\PackageCache\com.unity.ide.rider@e4950c6d131b)
    com.unity.editorcoroutines@1.1.0 (location: D:\Users\source\repos\GOS-Lifeis\Library\PackageCache\com.unity.editorcoroutines@87a15ed012c2)
    com.unity.performance.profile-analyzer@1.3.4 (location: D:\Users\source\repos\GOS-Lifeis\Library\PackageCache\com.unity.performance.profile-analyzer@418130329099)
    com.unity.testtools.codecoverage@1.3.0 (location: D:\Users\source\repos\GOS-Lifeis\Library\PackageCache\com.unity.testtools.codecoverage@19a841221620)
    com.unity.splines@2.8.4 (location: D:\Users\source\repos\GOS-Lifeis\Library\PackageCache\com.unity.splines@9b00833aca09)
    com.unity.settings-manager@2.1.1 (location: D:\Users\source\repos\GOS-Lifeis\Library\PackageCache\com.unity.settings-manager@0b8638c5ce86)
    com.unity.mathematics@1.3.3 (location: D:\Users\source\repos\GOS-Lifeis\Library\PackageCache\com.unity.mathematics@19a9377c4ffa)
  Built-in packages:
    com.unity.feature.development@1.0.2 (location: D:\Users\source\repos\GOS-Lifeis\Library\PackageCache\com.unity.feature.development@767aadbc6eb7)
    com.unity.multiplayer.center@1.0.1 (location: D:\Users\source\repos\GOS-Lifeis\Library\PackageCache\com.unity.multiplayer.center@f01f4ba8d00a)
    com.unity.ugui@2.0.0 (location: D:\Users\source\repos\GOS-Lifeis\Library\PackageCache\com.unity.ugui@23e8d17bfaf9)
    com.unity.modules.accessibility@1.0.0 (location: D:\Users\source\repos\GOS-Lifeis\Library\PackageCache\com.unity.modules.accessibility)
    com.unity.modules.adaptiveperformance@1.0.0 (location: D:\Users\source\repos\GOS-Lifeis\Library\PackageCache\com.unity.modules.adaptiveperformance)
    com.unity.modules.ai@1.0.0 (location: D:\Users\source\repos\GOS-Lifeis\Library\PackageCache\com.unity.modules.ai)
    com.unity.modules.androidjni@1.0.0 (location: D:\Users\source\repos\GOS-Lifeis\Library\PackageCache\com.unity.modules.androidjni)
    com.unity.modules.animation@1.0.0 (location: D:\Users\source\repos\GOS-Lifeis\Library\PackageCache\com.unity.modules.animation)
    com.unity.modules.assetbundle@1.0.0 (location: D:\Users\source\repos\GOS-Lifeis\Library\PackageCache\com.unity.modules.assetbundle)
    com.unity.modules.audio@1.0.0 (location: D:\Users\source\repos\GOS-Lifeis\Library\PackageCache\com.unity.modules.audio)
    com.unity.modules.cloth@1.0.0 (location: D:\Users\source\repos\GOS-Lifeis\Library\PackageCache\com.unity.modules.cloth)
    com.unity.modules.director@1.0.0 (location: D:\Users\source\repos\GOS-Lifeis\Library\PackageCache\com.unity.modules.director)
    com.unity.modules.imageconversion@1.0.0 (location: D:\Users\source\repos\GOS-Lifeis\Library\PackageCache\com.unity.modules.imageconversion)
    com.unity.modules.imgui@1.0.0 (location: D:\Users\source\repos\GOS-Lifeis\Library\PackageCache\com.unity.modules.imgui)
    com.unity.modules.jsonserialize@1.0.0 (location: D:\Users\source\repos\GOS-Lifeis\Library\PackageCache\com.unity.modules.jsonserialize)
    com.unity.modules.particlesystem@1.0.0 (location: D:\Users\source\repos\GOS-Lifeis\Library\PackageCache\com.unity.modules.particlesystem)
    com.unity.modules.physics@1.0.0 (location: D:\Users\source\repos\GOS-Lifeis\Library\PackageCache\com.unity.modules.physics)
    com.unity.modules.physics2d@1.0.0 (location: D:\Users\source\repos\GOS-Lifeis\Library\PackageCache\com.unity.modules.physics2d)
    com.unity.modules.screencapture@1.0.0 (location: D:\Users\source\repos\GOS-Lifeis\Library\PackageCache\com.unity.modules.screencapture)
    com.unity.modules.terrain@1.0.0 (location: D:\Users\source\repos\GOS-Lifeis\Library\PackageCache\com.unity.modules.terrain)
    com.unity.modules.terrainphysics@1.0.0 (location: D:\Users\source\repos\GOS-Lifeis\Library\PackageCache\com.unity.modules.terrainphysics)
    com.unity.modules.tilemap@1.0.0 (location: D:\Users\source\repos\GOS-Lifeis\Library\PackageCache\com.unity.modules.tilemap)
    com.unity.modules.ui@1.0.0 (location: D:\Users\source\repos\GOS-Lifeis\Library\PackageCache\com.unity.modules.ui)
    com.unity.modules.uielements@1.0.0 (location: D:\Users\source\repos\GOS-Lifeis\Library\PackageCache\com.unity.modules.uielements)
    com.unity.modules.umbra@1.0.0 (location: D:\Users\source\repos\GOS-Lifeis\Library\PackageCache\com.unity.modules.umbra)
    com.unity.modules.unityanalytics@1.0.0 (location: D:\Users\source\repos\GOS-Lifeis\Library\PackageCache\com.unity.modules.unityanalytics)
    com.unity.modules.unitywebrequest@1.0.0 (location: D:\Users\source\repos\GOS-Lifeis\Library\PackageCache\com.unity.modules.unitywebrequest)
    com.unity.modules.unitywebrequestassetbundle@1.0.0 (location: D:\Users\source\repos\GOS-Lifeis\Library\PackageCache\com.unity.modules.unitywebrequestassetbundle)
    com.unity.modules.unitywebrequestaudio@1.0.0 (location: D:\Users\source\repos\GOS-Lifeis\Library\PackageCache\com.unity.modules.unitywebrequestaudio)
    com.unity.modules.unitywebrequesttexture@1.0.0 (location: D:\Users\source\repos\GOS-Lifeis\Library\PackageCache\com.unity.modules.unitywebrequesttexture)
    com.unity.modules.unitywebrequestwww@1.0.0 (location: D:\Users\source\repos\GOS-Lifeis\Library\PackageCache\com.unity.modules.unitywebrequestwww)
    com.unity.modules.vectorgraphics@1.0.0 (location: D:\Users\source\repos\GOS-Lifeis\Library\PackageCache\com.unity.modules.vectorgraphics)
    com.unity.modules.vehicles@1.0.0 (location: D:\Users\source\repos\GOS-Lifeis\Library\PackageCache\com.unity.modules.vehicles)
    com.unity.modules.video@1.0.0 (location: D:\Users\source\repos\GOS-Lifeis\Library\PackageCache\com.unity.modules.video)
    com.unity.modules.vr@1.0.0 (location: D:\Users\source\repos\GOS-Lifeis\Library\PackageCache\com.unity.modules.vr)
    com.unity.modules.wind@1.0.0 (location: D:\Users\source\repos\GOS-Lifeis\Library\PackageCache\com.unity.modules.wind)
    com.unity.modules.xr@1.0.0 (location: D:\Users\source\repos\GOS-Lifeis\Library\PackageCache\com.unity.modules.xr)
    com.unity.modules.subsystems@1.0.0 (location: D:\Users\source\repos\GOS-Lifeis\Library\PackageCache\com.unity.modules.subsystems)
    com.unity.modules.hierarchycore@1.0.0 (location: D:\Users\source\repos\GOS-Lifeis\Library\PackageCache\com.unity.modules.hierarchycore)
    com.unity.test-framework@1.6.0 (location: D:\Users\source\repos\GOS-Lifeis\Library\PackageCache\com.unity.test-framework@aebcb98460c6)
    com.unity.ext.nunit@2.0.5 (location: D:\Users\source\repos\GOS-Lifeis\Library\PackageCache\com.unity.ext.nunit@d8c07649098d)
[Subsystems] No new subsystems found in resolved package list.
[Package Manager] Done registering packages in 0.04 seconds
[Package Manager] Done resolving packages in 1.86 seconds
[Licensing::Client] Successfully resolved entitlement details
[Package Manager] Registered 53 packages:
  Packages from [https://packages.unity.com]:
    com.unity.cinemachine@3.1.6 (location: D:\Users\source\repos\GOS-Lifeis\Library\PackageCache\com.unity.cinemachine@285f38545487)
    com.unity.collab-proxy@2.12.4 (location: D:\Users\source\repos\GOS-Lifeis\Library\PackageCache\com.unity.collab-proxy@0b1559bcd34e)
    com.unity.timeline@1.8.12 (location: D:\Users\source\repos\GOS-Lifeis\Library\PackageCache\com.unity.timeline@8cd8509afae5)
    com.unity.visualscripting@1.9.11 (location: D:\Users\source\repos\GOS-Lifeis\Library\PackageCache\com.unity.visualscripting@8bed5ad90189)
    com.unity.ide.visualstudio@2.0.26 (location: D:\Users\source\repos\GOS-Lifeis\Library\PackageCache\com.unity.ide.visualstudio@a99d56dec63f)
    com.unity.ide.rider@3.0.40 (location: D:\Users\source\repos\GOS-Lifeis\Library\PackageCache\com.unity.ide.rider@e4950c6d131b)
    com.unity.editorcoroutines@1.1.0 (location: D:\Users\source\repos\GOS-Lifeis\Library\PackageCache\com.unity.editorcoroutines@87a15ed012c2)
    com.unity.performance.profile-analyzer@1.3.4 (location: D:\Users\source\repos\GOS-Lifeis\Library\PackageCache\com.unity.performance.profile-analyzer@418130329099)
    com.unity.testtools.codecoverage@1.3.0 (location: D:\Users\source\repos\GOS-Lifeis\Library\PackageCache\com.unity.testtools.codecoverage@19a841221620)
    com.unity.splines@2.8.4 (location: D:\Users\source\repos\GOS-Lifeis\Library\PackageCache\com.unity.splines@9b00833aca09)
    com.unity.settings-manager@2.1.1 (location: D:\Users\source\repos\GOS-Lifeis\Library\PackageCache\com.unity.settings-manager@0b8638c5ce86)
    com.unity.mathematics@1.3.3 (location: D:\Users\source\repos\GOS-Lifeis\Library\PackageCache\com.unity.mathematics@19a9377c4ffa)
  Built-in packages:
    com.unity.feature.development@1.0.2 (location: D:\Users\source\repos\GOS-Lifeis\Library\PackageCache\com.unity.feature.development@767aadbc6eb7)
    com.unity.multiplayer.center@1.0.1 (location: D:\Users\source\repos\GOS-Lifeis\Library\PackageCache\com.unity.multiplayer.center@f01f4ba8d00a)
    com.unity.ugui@2.0.0 (location: D:\Users\source\repos\GOS-Lifeis\Library\PackageCache\com.unity.ugui@23e8d17bfaf9)
    com.unity.modules.accessibility@1.0.0 (location: D:\Users\source\repos\GOS-Lifeis\Library\PackageCache\com.unity.modules.accessibility)
    com.unity.modules.adaptiveperformance@1.0.0 (location: D:\Users\source\repos\GOS-Lifeis\Library\PackageCache\com.unity.modules.adaptiveperformance)
    com.unity.modules.ai@1.0.0 (location: D:\Users\source\repos\GOS-Lifeis\Library\PackageCache\com.unity.modules.ai)
    com.unity.modules.androidjni@1.0.0 (location: D:\Users\source\repos\GOS-Lifeis\Library\PackageCache\com.unity.modules.androidjni)
    com.unity.modules.animation@1.0.0 (location: D:\Users\source\repos\GOS-Lifeis\Library\PackageCache\com.unity.modules.animation)
    com.unity.modules.assetbundle@1.0.0 (location: D:\Users\source\repos\GOS-Lifeis\Library\PackageCache\com.unity.modules.assetbundle)
    com.unity.modules.audio@1.0.0 (location: D:\Users\source\repos\GOS-Lifeis\Library\PackageCache\com.unity.modules.audio)
    com.unity.modules.cloth@1.0.0 (location: D:\Users\source\repos\GOS-Lifeis\Library\PackageCache\com.unity.modules.cloth)
    com.unity.modules.director@1.0.0 (location: D:\Users\source\repos\GOS-Lifeis\Library\PackageCache\com.unity.modules.director)
    com.unity.modules.imageconversion@1.0.0 (location: D:\Users\source\repos\GOS-Lifeis\Library\PackageCache\com.unity.modules.imageconversion)
    com.unity.modules.imgui@1.0.0 (location: D:\Users\source\repos\GOS-Lifeis\Library\PackageCache\com.unity.modules.imgui)
    com.unity.modules.jsonserialize@1.0.0 (location: D:\Users\source\repos\GOS-Lifeis\Library\PackageCache\com.unity.modules.jsonserialize)
    com.unity.modules.particlesystem@1.0.0 (location: D:\Users\source\repos\GOS-Lifeis\Library\PackageCache\com.unity.modules.particlesystem)
    com.unity.modules.physics@1.0.0 (location: D:\Users\source\repos\GOS-Lifeis\Library\PackageCache\com.unity.modules.physics)
    com.unity.modules.physics2d@1.0.0 (location: D:\Users\source\repos\GOS-Lifeis\Library\PackageCache\com.unity.modules.physics2d)
    com.unity.modules.screencapture@1.0.0 (location: D:\Users\source\repos\GOS-Lifeis\Library\PackageCache\com.unity.modules.screencapture)
    com.unity.modules.terrain@1.0.0 (location: D:\Users\source\repos\GOS-Lifeis\Library\PackageCache\com.unity.modules.terrain)
    com.unity.modules.terrainphysics@1.0.0 (location: D:\Users\source\repos\GOS-Lifeis\Library\PackageCache\com.unity.modules.terrainphysics)
    com.unity.modules.tilemap@1.0.0 (location: D:\Users\source\repos\GOS-Lifeis\Library\PackageCache\com.unity.modules.tilemap)
    com.unity.modules.ui@1.0.0 (location: D:\Users\source\repos\GOS-Lifeis\Library\PackageCache\com.unity.modules.ui)
    com.unity.modules.uielements@1.0.0 (location: D:\Users\source\repos\GOS-Lifeis\Library\PackageCache\com.unity.modules.uielements)
    com.unity.modules.umbra@1.0.0 (location: D:\Users\source\repos\GOS-Lifeis\Library\PackageCache\com.unity.modules.umbra)
    com.unity.modules.unityanalytics@1.0.0 (location: D:\Users\source\repos\GOS-Lifeis\Library\PackageCache\com.unity.modules.unityanalytics)
    com.unity.modules.unitywebrequest@1.0.0 (location: D:\Users\source\repos\GOS-Lifeis\Library\PackageCache\com.unity.modules.unitywebrequest)
    com.unity.modules.unitywebrequestassetbundle@1.0.0 (location: D:\Users\source\repos\GOS-Lifeis\Library\PackageCache\com.unity.modules.unitywebrequestassetbundle)
    com.unity.modules.unitywebrequestaudio@1.0.0 (location: D:\Users\source\repos\GOS-Lifeis\Library\PackageCache\com.unity.modules.unitywebrequestaudio)
    com.unity.modules.unitywebrequesttexture@1.0.0 (location: D:\Users\source\repos\GOS-Lifeis\Library\PackageCache\com.unity.modules.unitywebrequesttexture)
    com.unity.modules.unitywebrequestwww@1.0.0 (location: D:\Users\source\repos\GOS-Lifeis\Library\PackageCache\com.unity.modules.unitywebrequestwww)
    com.unity.modules.vectorgraphics@1.0.0 (location: D:\Users\source\repos\GOS-Lifeis\Library\PackageCache\com.unity.modules.vectorgraphics)
    com.unity.modules.vehicles@1.0.0 (location: D:\Users\source\repos\GOS-Lifeis\Library\PackageCache\com.unity.modules.vehicles)
    com.unity.modules.video@1.0.0 (location: D:\Users\source\repos\GOS-Lifeis\Library\PackageCache\com.unity.modules.video)
    com.unity.modules.vr@1.0.0 (location: D:\Users\source\repos\GOS-Lifeis\Library\PackageCache\com.unity.modules.vr)
    com.unity.modules.wind@1.0.0 (location: D:\Users\source\repos\GOS-Lifeis\Library\PackageCache\com.unity.modules.wind)
    com.unity.modules.xr@1.0.0 (location: D:\Users\source\repos\GOS-Lifeis\Library\PackageCache\com.unity.modules.xr)
    com.unity.modules.subsystems@1.0.0 (location: D:\Users\source\repos\GOS-Lifeis\Library\PackageCache\com.unity.modules.subsystems)
    com.unity.modules.hierarchycore@1.0.0 (location: D:\Users\source\repos\GOS-Lifeis\Library\PackageCache\com.unity.modules.hierarchycore)
    com.unity.test-framework@1.6.0 (location: D:\Users\source\repos\GOS-Lifeis\Library\PackageCache\com.unity.test-framework@aebcb98460c6)
    com.unity.ext.nunit@2.0.5 (location: D:\Users\source\repos\GOS-Lifeis\Library\PackageCache\com.unity.ext.nunit@d8c07649098d)
[Subsystems] No new subsystems found in resolved package list.
[Package Manager] Done registering packages in 0.00 seconds
A meta data file (.meta) exists but its folder 'Assets/LevelDesign' can't be found, and has been created. Empty directories cannot be stored in version control, so it's assumed that the meta data file is for an empty directory in version control. When moving or deleting folders outside of Unity, please ensure that the corresponding .meta file is moved or deleted along with it.
Assembly reference Packages/com.unity.cinemachine/Editor/Samples/ExposeHDRPInternals/HDRP-Editor-ref.asmref has no target assembly definition
Assembly reference Packages/com.unity.cinemachine/Editor/Samples/ExposeHDRPInternals/HDRP-Editor-ref.asmref has no target assembly definition
[ScriptCompilation] Requested script compilation because: Assetdatabase observed changes in script compilation related files
info: Microsoft.Hosting.Lifetime[14]
      Now listening on: http://localhost:80
info: Microsoft.Hosting.Lifetime[0]
      Application started. Press Ctrl+C to shut down.
info: Microsoft.Hosting.Lifetime[0]
      Hosting environment: Production
info: Microsoft.Hosting.Lifetime[0]
      Content root path: D:\Users\source\repos\GOS-Lifeis\
info: Microsoft.AspNetCore.Hosting.Diagnostics[1]
      Request starting HTTP/2 POST http://ilpp/UnityILPP.PostProcessing/Ping application/grpc -
info: Microsoft.AspNetCore.Routing.EndpointMiddleware[0]
      Executing endpoint 'gRPC - /UnityILPP.PostProcessing/Ping'
info: Microsoft.AspNetCore.Routing.EndpointMiddleware[1]
      Executed endpoint 'gRPC - /UnityILPP.PostProcessing/Ping'
info: Microsoft.AspNetCore.Hosting.Diagnostics[2]
      Request finished HTTP/2 POST http://ilpp/UnityILPP.PostProcessing/Ping application/grpc - - 200 - application/grpc 116.6505ms
Starting: C:\Program Files\Unity\Hub\Editor\6000.3.16f1\Editor\Data\Tools\BuildPipeline\bee_backend.exe --ipc --defer-dag-verification --dagfile="Library/Bee/1900b0aEDbg.dag" --continue-on-failure --profile="Library/Bee/backend1.traceevents" ScriptAssemblies
WorkingDir: D:/Users/source/repos/GOS-Lifeis
DisplayProgressbar: Compiling Scripts
ExitCode: 4 Duration: 5s941ms
Rebuilding DAG because FileSignature timestamp changed: Library/Bee/1900b0aEDbg-inputdata.json
*** Tundra requires additional run (5.86 seconds), 1 items updated, 496 evaluated
Starting: C:\Program Files\Unity\Hub\Editor\6000.3.16f1\Editor\Data\netcorerun\netcorerun.exe "C:\Program Files\Unity\Hub\Editor\6000.3.16f1\Editor\Data\Tools\BuildPipeline\ScriptCompilationBuildProgram.exe" "Library/Bee/1900b0aEDbg.dag.json" "Library/Bee/1900b0aEDbg-inputdata.json" "Library\Bee\buildprogram0.traceevents"
WorkingDir: D:/Users/source/repos/GOS-Lifeis
ExitCode: 0 Duration: 2s308ms
Starting: C:\Program Files\Unity\Hub\Editor\6000.3.16f1\Editor\Data\Tools\BuildPipeline\bee_backend.exe --ipc --defer-dag-verification --dagfile="Library/Bee/1900b0aEDbg.dag" --continue-on-failure --dagfilejson="Library\Bee\1900b0aEDbg.dag.json" --profile="Library/Bee/backend2.traceevents" ScriptAssemblies
WorkingDir: D:/Users/source/repos/GOS-Lifeis
ExitCode: 0 Duration: 0s928ms
Finished compiling graph: 503 nodes, 7933 flattened edges (7231 ToBuild, 80 ToUse), maximum node priority 350
[305/500    0s] WriteText Library/Bee/artifacts/1900b0aEDbg.dag/Assembly-CSharp.rsp
[306/500    0s] WriteText Library/Bee/artifacts/1900b0aEDbg.dag/Assembly-CSharp-Editor.rsp
[494/500    0s] Csc Library/Bee/artifacts/1900b0aEDbg.dag/Assembly-CSharp.dll (+2 others)
Assets\GOS\Scripts\VisualScripting\Output\LightingControl.cs(24,39): warning CS0414: The field 'LightingControl.isToggle' is assigned but its value is never used

Assets\GOS\Scripts\VisualScripting\Debug\DebuggerMassge.cs(5,27): warning CS0414: The field 'DebuggerMassge.updateLogger' is assigned but its value is never used
[495/500    0s] CopyFiles Library/ScriptAssemblies/Assembly-CSharp.pdb
[496/500    0s] CopyFiles Library/ScriptAssemblies/Assembly-CSharp.dll
[497/500    0s] Csc Library/Bee/artifacts/1900b0aEDbg.dag/Assembly-CSharp-Editor.dll (+2 others)
[498/500    0s] CopyFiles Library/ScriptAssemblies/Assembly-CSharp-Editor.pdb
[499/500    0s] CopyFiles Library/ScriptAssemblies/Assembly-CSharp-Editor.dll
*** Tundra build success (0.89 seconds), 8 items updated, 500 evaluated
Assets\GOS\Scripts\VisualScripting\Output\LightingControl.cs(24,39): warning CS0414: The field 'LightingControl.isToggle' is assigned but its value is never used
Assets\GOS\Scripts\VisualScripting\Debug\DebuggerMassge.cs(5,27): warning CS0414: The field 'DebuggerMassge.updateLogger' is assigned but its value is never used
AssetDatabase: script compilation time: 10.569096s
Begin MonoManager ReloadAssembly
- Loaded All Assemblies, in  3.100 seconds
'Packages/com.unity.cinemachine/Editor/Editors/CinemachineVirtualCameraBaseEditor.cs' contains partial class of Unity.Object, exactly 1 of the partial classes needs to be in a file with the same filename. This is to know the one that can be referenced from ie. GameObjects
'Packages/com.unity.cinemachine/Editor/Obsolete/CinemachineVirtualCameraBaseEditor.cs' contains partial class of Unity.Object, exactly 1 of the partial classes needs to be in a file with the same filename. This is to know the one that can be referenced from ie. GameObjects
Start importing ProjectSettings/ProjectSettings.asset using Guid(00000000000000004000000000000000) (LibraryAssetImporter) -> (artifact id: '65f05508053a79fbbc9c0442fcc8a154') in 0.0645675 seconds
Refreshing native plugins compatible for Editor in 3.86 ms, found 4 plugins.
Native extension for WindowsStandalone target not found
Assembly reference Packages/com.unity.cinemachine/Editor/Samples/ExposeHDRPInternals/HDRP-Editor-ref.asmref has no target assembly definition
ScheduleIndexationOnStartup MainProcess:True IndexOnStartup:True
Mono: successfully reloaded assembly
- Finished resetting the current domain, in  0.966 seconds
Domain Reload Profiling: 4061ms
	BeginReloadAssembly (396ms)
		ExecutionOrderSort (0ms)
		DisableScriptedObjects (42ms)
		BackupInstance (0ms)
		ReleaseScriptingObjects (0ms)
		CreateAndSetChildDomain (154ms)
	RebuildCommonClasses (48ms)
	RebuildNativeTypeToScriptingClass (16ms)
	initialDomainReloadingComplete (38ms)
	LoadAllAssembliesAndSetupDomain (2597ms)
		LoadAssemblies (1927ms)
		RebuildTransferFunctionScriptingTraits (0ms)
		AnalyzeDomain (806ms)
			TypeCache.Refresh (741ms)
				TypeCache.ScanAssembly (732ms)
			BuildScriptInfoCaches (50ms)
			ResolveRequiredComponents (10ms)
	FinalizeReload (966ms)
		ReleaseScriptCaches (0ms)
		RebuildScriptCaches (0ms)
		SetupLoadedEditorAssemblies (803ms)
			LogAssemblyErrors (0ms)
			InitializePlatformSupportModulesInManaged (24ms)
			SetLoadedEditorAssemblies (5ms)
			BeforeProcessingInitializeOnLoad (214ms)
			ProcessInitializeOnLoadAttributes (478ms)
			ProcessInitializeOnLoadMethodAttributes (67ms)
			AfterProcessingInitializeOnLoad (15ms)
			EditorAssembliesLoaded (1ms)
		ExecutionOrderSort2 (0ms)
		AwakeInstancesAfterBackupRestoration (30ms)
Launched and connected shader compiler UnityShaderCompiler.exe after 0.05 seconds
Refreshing native plugins compatible for Editor in 1.48 ms, found 4 plugins.
Preloading 0 native plugins for Editor in 0.00 ms.
Asset Pipeline Refresh (id=977d74905bd7659418ee5d16b5d1cd8d): Total: 18.391 seconds - Initiated by InitialRefreshV2(ForceSynchronousImport)
	Summary:
		Imports: total=1 (actual=1, local cache=0, cache server=0)
		Asset DB Process Time: managed=6 ms, native=1672 ms
		Asset DB Callback time: managed=431 ms, native=2523 ms
		Scripting: domain reloads=1, domain reload time=3101 ms, compile time=10572 ms, other=83 ms
		Project Asset Count: scripts=825, non-scripts=886
		Asset File Changes: new=2, changed=4, moved=0, deleted=1
		Scan Filter Count: 0
	InvokeCustomDependenciesCallbacks: 0.002ms
	InvokePackagesCallback: 1933.137ms
	ApplyChangesToAssetFolders: 1.706ms
	Scan: 149.963ms
	OnSourceAssetsModified: 1.392ms
	CategorizeAssetsWithTransientArtifact: 149.214ms
	ProcessAssetsWithTransientArtifactChanges: 71.269ms
	UnregisterDeletedAssets: 0.001ms
	CategorizeAssets: 42.120ms
	ImportOutOfDateAssets: 1056.594ms (-9591.296ms without children)
		ImportManagerImport: 74.072ms (7.370ms without children)
			ImportInProcess: 66.069ms
			UpdateCategorizedAssets: 0.632ms
		CompileScripts: 10571.541ms
		ReloadNativeAssets: 0.001ms
		UnloadImportedAssets: 0.129ms
		ReloadImportedAssets: 0.000ms
		EnsureUptoDateAssetsAreRegisteredWithGuidPM: 0.470ms
		InitializingProgressBar: 0.001ms
		PostProcessAllAssetNotificationsAddChangedAssets: 0.002ms
		OnDemandSchedulerStart: 1.675ms
	PostProcessAllAssets: 1030.462ms
	Hotreload: 5.467ms
	GatherAllCurrentPrimaryArtifactRevisions: 0.135ms
	UnloadStreamsBegin: 2.742ms
	PersistCurrentRevisions: 0.201ms
	UnloadStreamsEnd: 0.003ms
	GenerateScriptTypeHashes: 2.143ms
	Untracked: 13946.680ms

Application.AssetDatabase Initial Refresh End
Scanning for USB devices : 3.569ms
Initializing Unity extensions:
[MODES] ModeService[none].Initialize
[MODES] ModeService[none].LoadModes
[MODES] Loading mode Default (0) for mode-current-id-GOS
Unloading 4 Unused Serialized files (Serialized files now loaded: 0)
Unloading 4346 unused Assets / (2.2 MB). Loaded Objects now: 4960.
Memory consumption went from 129.3 MB to 127.0 MB.
Total: 9.983500 ms (FindLiveObjects: 0.570600 ms CreateObjectMapping: 0.531600 ms MarkObjects: 6.935700 ms  DeleteObjects: 1.944500 ms)

Spawner Test Scene 생성을 시작합니다...
UnityEngine.Debug:ExtractStackTraceNoAlloc (byte*,int,string)
UnityEngine.StackTraceUtility:ExtractStackTrace ()
UnityEngine.DebugLogHandler:Internal_Log (UnityEngine.LogType,UnityEngine.LogOption,string,UnityEngine.Object)
UnityEngine.DebugLogHandler:LogFormat (UnityEngine.LogType,UnityEngine.Object,string,object[])
UnityEngine.Logger:Log (UnityEngine.LogType,object)
UnityEngine.Debug:Log (object)
_Project.Scripts.VisualScripting.Editor.TestSceneGenerator:GenerateTestScene () (at Assets/GOS/Scripts/VisualScripting/Editor/TestSceneGenerator.cs:12)

(Filename: Assets/GOS/Scripts/VisualScripting/Editor/TestSceneGenerator.cs Line: 12)

Unloading 1 Unused Serialized files (Serialized files now loaded: 0)
Unloading 1 unused Assets / (2.7 KB). Loaded Objects now: 4967.
Memory consumption went from 122.2 MB to 122.2 MB.
Total: 5.388200 ms (FindLiveObjects: 0.285500 ms CreateObjectMapping: 0.176800 ms MarkObjects: 4.905600 ms  DeleteObjects: 0.019500 ms)

Start importing Assets/GOS/Scenes/SpawnerTestScene.unity using Guid(40a7a3ad5812a9c42a6447938d738c3c) (DefaultImporter) -> (artifact id: '0080818a338eb8b0933fab704ed7181a') in 0.029415 seconds
Refreshing native plugins compatible for Editor in 1.51 ms, found 4 plugins.
Preloading 0 native plugins for Editor in 0.00 ms.
Asset Pipeline Refresh (id=d3e875b07bd0f6842900d519bd4d1756): Total: 0.069 seconds - Initiated by StopAssetImportingV2(NoUpdateAssetOptions)
Spawner Test Scene 생성 완료 및 저장 성공: Assets/GOS/Scenes/SpawnerTestScene.unity
UnityEngine.Debug:ExtractStackTraceNoAlloc (byte*,int,string)
UnityEngine.StackTraceUtility:ExtractStackTrace ()
UnityEngine.DebugLogHandler:Internal_Log (UnityEngine.LogType,UnityEngine.LogOption,string,UnityEngine.Object)
UnityEngine.DebugLogHandler:LogFormat (UnityEngine.LogType,UnityEngine.Object,string,object[])
UnityEngine.Logger:Log (UnityEngine.LogType,object)
UnityEngine.Debug:Log (object)
_Project.Scripts.VisualScripting.Editor.TestSceneGenerator:GenerateTestScene () (at Assets/GOS/Scripts/VisualScripting/Editor/TestSceneGenerator.cs:60)

(Filename: Assets/GOS/Scripts/VisualScripting/Editor/TestSceneGenerator.cs Line: 60)

Batchmode quit successfully invoked - shutting down!
Curl error 42: Callback aborted
[Physics::Module] Cleanup current backend.
[Physics::Module] Id: 0xf2b8ea05
Input System module state changed to: ShutdownInProgress.
Input System polling thread exited.
Input System module state changed to: Shutdown.
[Licensing::IpcConnector] LicenseClient-Administrator-6000.3.16-notifications channel disconnected successfully.
[Licensing::IpcConnector] LicenseClient-Administrator-6000.3.16 channel disconnected successfully.
AcceleratorClientConnectionCallback - disconnected - :0
Shut down.
Cleanup mono
abort_threads: Failed aborting id: 00000000000072A8, mono_thread_manage will ignore it

abort_threads: Failed aborting id: 00000000000068C8, mono_thread_manage will ignore it

abort_threads: Failed aborting id: 00000000000072A8, mono_thread_manage will ignore it

abort_threads: Failed aborting id: 00000000000068C8, mono_thread_manage will ignore it

debugger-agent: Unable to listen on 3608
Exiting batchmode successfully now!
Exiting without the bug reporter. Application will terminate with return code 0